// Jest Snapshot v1, https://goo.gl/fbAQLP

exports[`Content Picker should render full content picker 1`] = `
<Fragment>
  <ContentPicker__ContentWrapper>
    <ContentPickerSingle
      childKey="pages"
      data={
        Array [
          Object {
            "__typename": "Section",
            "displayName": "Section 1",
            "id": "Section 1",
            "pages": Array [
              Object {
                "__typename": "QuestionPage",
                "answers": Array [
                  Object {
                    "__typename": "BasicAnswer",
                    "displayName": "Answer 1",
                    "id": "Answer 1",
                    "type": "Currency",
                  },
                ],
                "displayName": "Page 1",
                "id": "Page 1",
              },
            ],
          },
        ]
      }
      data-test="section-picker"
      disabled={false}
      hidden={false}
      key="section"
      onOptionClick={[Function]}
      onTitleClick={[Function]}
      open={false}
      selected={false}
      title="Section"
    />
    <ContentPickerSingle
      childKey="answers"
      data={Array []}
      data-test="page-picker"
      disabled={true}
      hidden={false}
      key="page"
      onOptionClick={[Function]}
      onTitleClick={[Function]}
      open={false}
      selected={false}
      title="Question"
    />
    <ContentPickerSingle
      data={Array []}
      data-test="answer-picker"
      disabled={true}
      hidden={false}
      key="answer"
      onOptionClick={[Function]}
      onTitleClick={[Function]}
      open={false}
      selected={false}
      title="Answer"
    />
  </ContentPicker__ContentWrapper>
  <ContentPicker__ActionButtons
    align="right"
    horizontal={true}
  >
    <Button
      data-test="cancel-button"
      onClick={[MockFunction]}
      type="button"
      variant="secondary"
    >
      Cancel
    </Button>
    <Button
      data-test="submit-button"
      disabled={true}
      onClick={[Function]}
      type="submit"
      variant="primary"
    >
      Select
    </Button>
  </ContentPicker__ActionButtons>
</Fragment>
`;
