// Jest Snapshot v1, https://goo.gl/fbAQLP

exports[`QuestionnaireLink should render 1`] = `
<QuestionnaireLink__StyledLink
  disabled={false}
  to="/questionnaire/1"
/>
`;
