// Jest Snapshot v1, https://goo.gl/fbAQLP

exports[`MaxValue should render with content 1`] = `
<ValidationView
  data-test="max-value-view"
  enabled={true}
  onToggleChange={[Function]}
>
  <Grid
    align="top"
    fillHeight={true}
  >
    <Column
      cols={3}
    >
      <ValidationTitle>
        Max Value is
      </ValidationTitle>
      <MaxValue__Connector />
    </Column>
    <Column
      cols={8}
    >
      <ValidationPills
        Custom={[Function]}
        PreviousAnswer={[Function]}
        entityType="Custom"
        onEntityTypeChange={[Function]}
      />
      <MaxValue__InlineField>
        <ToggleSwitch
          checked={true}
          id="max-value-include"
          name="max-value-include"
          onChange={[Function]}
        />
        <Label
          bold={true}
          htmlFor="max-value-include"
          inline={true}
        >
          Include this number
        </Label>
      </MaxValue__InlineField>
    </Column>
  </Grid>
</ValidationView>
`;

exports[`MaxValue should render with disabled content 1`] = `
<ValidationView
  data-test="max-value-view"
  enabled={false}
  onToggleChange={[Function]}
>
  <DisabledMessage
    name="Max value"
  />
</ValidationView>
`;
