// Jest Snapshot v1, https://goo.gl/fbAQLP

exports[`components/Routing/Transition should render 1`] = `
<StyledComponent
  forwardedComponent={
    Object {
      "$$typeof": Symbol(react.forward_ref),
      "_foldedDefaultProps": Object {
        "timeout": 200,
      },
      "attrs": Array [
        [Function],
      ],
      "componentStyle": ComponentStyle {
        "componentId": "Transition__RoutingComponentTransition-sc-2voe5n-0",
        "isStatic": false,
        "rules": Array [
          "position:relative;&.component-enter{opacity:0;transform:scale(0.95);z-index:200;}&.component-enter-active{opacity:1;transform:scale(1);transition:opacity ",
          [Function],
          "ms ease-out,transform ",
          [Function],
          "ms cubic-bezier(0.175,0.885,0.32,1.275);}&.component-exit{opacity:1;transform:scale(1);}&.component-exit-active{opacity:0;height:0 !important;transform:scale(0.95);transition:opacity ",
          [Function],
          "ms ease-out,height ",
          [Function],
          "ms ease-in ",
          [Function],
          "ms,transform ",
          [Function],
          "ms ease-in;}",
        ],
      },
      "displayName": "Transition__RoutingComponentTransition",
      "foldedComponentIds": Array [],
      "propTypes": Object {
        "children": [Function],
        "timeout": [Function],
      },
      "render": [Function],
      "styledComponentId": "Transition__RoutingComponentTransition-sc-2voe5n-0",
      "target": [Function],
      "toString": [Function],
      "warnTooManyClasses": [Function],
      "withComponent": [Function],
    }
  }
  forwardedRef={null}
  timeout={200}
>
  <div>
    Content
  </div>
</StyledComponent>
`;
