// Jest Snapshot v1, https://goo.gl/fbAQLP

exports[`IntroductionEditor should render 1`] = `
<Fragment>
  <IntroductionHeader />
  <IntroductionEditor__Section>
    <IntroductionEditor__Padding>
      <IntroductionEditor__SectionTitle
        style={
          Object {
            "marginBottom": "0",
            "marginTop": "-2em",
          }
        }
      >
        Introduction content
      </IntroductionEditor__SectionTitle>
      <IntroductionEditor__SectionDescription>
        This content is displayed above the “start survey” button. The title is not editable.
      </IntroductionEditor__SectionDescription>
      <RichTextEditor
        autoFocus={false}
        controls={
          Object {
            "bold": true,
            "emphasis": true,
            "heading": true,
            "link": true,
            "piping": true,
          }
        }
        disabled={false}
        errorValidationMsg={null}
        id="intro-title"
        label="Title"
        maxHeight={12}
        multiline={true}
        name="title"
        onUpdate={[Function]}
        placeholder=""
        size="large"
        testSelector="txt-intro-title"
        value="title"
        withoutMargin={true}
      />
      <Panel
        data-testid="introduction-content-info-panel"
        variant="warning"
        withList={false}
        withPanelMargin={true}
      >
        You can have this page display on the Hub via the 
        <Link
          to="/q/questionnaire-1/settings"
        >
          Settings page
        </Link>
      </Panel>
      <div>
        <IntroductionEditor__HorizontalSeparator />
        <IntroductionEditor__SectionTitle
          style={
            Object {
              "marginBottom": "0",
            }
          }
        >
          ONS contact details
        </IntroductionEditor__SectionTitle>
        <IntroductionEditor__SectionDescription>
          For business to report a change to company details or structure.
        </IntroductionEditor__SectionDescription>
        <Field
          disabled={false}
          last={false}
        >
          <Label
            bold={true}
            htmlFor="contactDetailsPhoneNumber"
          >
            Phone Number
          </Label>
          <IntroductionEditor__StyledInput
            data-test="txt-contact-details-phone-number"
            hasError={false}
            id="contactDetailsPhoneNumber"
            onBlur={[Function]}
            onChange={[Function]}
            value="0300 1234 931"
          />
        </Field>
        <Field
          disabled={false}
          last={false}
        >
          <Label
            bold={true}
            htmlFor="contactDetailsEmailAddress"
          >
            Email Address
          </Label>
          <IntroductionEditor__StyledInput
            data-test="txt-contact-details-email-address"
            hasError={false}
            id="contactDetailsEmailAddress"
            onBlur={[Function]}
            onChange={[Function]}
            value="surveys@ons.gov.uk"
          />
        </Field>
        <Field
          disabled={false}
          last={false}
        >
          <Label
            bold={true}
            htmlFor="contactDetailsEmailSubject"
          >
            Email Subject
          </Label>
          <withChangeHandler(UncontrolledInput)
            data-test="txt-contact-details-email-subject"
            id="contactDetailsEmailSubject"
            onBlur={[Function]}
            onChange={[Function]}
            value="Change of details"
          />
        </Field>
        <IntroductionEditor__InlineField
          open={false}
          style={
            Object {
              "marginBottom": "0",
            }
          }
        >
          <Label
            bold={true}
            htmlFor="toggle-contact-details-include-ruref"
          >
            Add RU ref to the subject line
          </Label>
          <ToggleSwitch
            blockDisplay={false}
            checked={false}
            hideLabels={false}
            id="toggle-contact-details-include-ruref"
            name="toggle-contact-details-include-ruref"
            onChange={[Function]}
          />
        </IntroductionEditor__InlineField>
        <IntroductionEditor__SectionDescription>
          Add the reporting unit reference to the end of the subject line, for example, Change of details reference 621476278652.
        </IntroductionEditor__SectionDescription>
        <IntroductionEditor__HorizontalSeparator />
      </div>
      <IntroductionEditor__InlineField
        open={false}
      >
        <Label
          bold={true}
          htmlFor="toggle-additional-guidance-panel"
        >
          Additional guidance panel
        </Label>
        <ToggleSwitch
          blockDisplay={false}
          checked={false}
          hideLabels={false}
          id="toggle-additional-guidance-panel"
          name="toggle-additional-guidance-panel"
          onChange={[Function]}
        />
      </IntroductionEditor__InlineField>
      <RichTextEditor
        autoFocus={false}
        controls={
          Object {
            "bold": true,
            "emphasis": true,
            "link": true,
            "list": true,
            "piping": true,
          }
        }
        disabled={false}
        id="intro-description"
        label="Description"
        maxHeight={12}
        multiline={true}
        name="description"
        onUpdate={[Function]}
        placeholder=""
        testSelector="txt-intro-description"
        value="description"
      />
      <IntroductionEditor__SectionTitle>
        Legal basis
      </IntroductionEditor__SectionTitle>
      <Panel
        variant="info"
        withLeftBorder={true}
        withList={false}
        withPanelMargin={true}
      >
        The legal basis can be changed on the Settings page
      </Panel>
    </IntroductionEditor__Padding>
  </IntroductionEditor__Section>
  <IntroductionEditor__Section
    name="previewQuestions-section"
  >
    <IntroductionEditor__Padding>
      <IntroductionEditor__InlineField
        disabled={true}
        style={
          Object {
            "marginBottom": "0",
          }
        }
      >
        <Label
          bold={true}
          labelFor="toggle-preview-questions"
          style={
            Object {
              "color": "#7a7a7a",
              "marginBottom": "0",
            }
          }
        >
          Include a link to a page for previewing the questions
        </Label>
        <ToggleSwitch
          blockDisplay={false}
          checked={true}
          hideLabels={false}
          id="toggle-preview-questions"
          name="toggle-preview-questions"
          onChange={[Function]}
        />
      </IntroductionEditor__InlineField>
      <IntroductionEditor__SectionDescription
        style={
          Object {
            "color": "#7a7a7a",
            "marginBottom": "1em",
          }
        }
      >
        Each section is represented as a collapsible element, allowing users to show and hide its respective questions.
      </IntroductionEditor__SectionDescription>
      <Panel
        data-testid="preview-questions-warn-panel"
        name="preview-questions-warn-panel"
        variant="warning"
        withList={false}
        withPanelMargin={true}
      >
        Adding a collection list will automatically turn off and disable this setting.
      </Panel>
    </IntroductionEditor__Padding>
  </IntroductionEditor__Section>
  <IntroductionEditor__Section>
    <IntroductionEditor__Padding>
      <IntroductionEditor__SectionTitle
        style={
          Object {
            "marginBottom": "0",
          }
        }
      >
        Secondary content
      </IntroductionEditor__SectionTitle>
      <IntroductionEditor__SectionDescription>
        This content is displayed below the “start survey” button.
      </IntroductionEditor__SectionDescription>
      <RichTextEditor
        autoFocus={false}
        controls={
          Object {
            "emphasis": true,
            "piping": true,
          }
        }
        disabled={false}
        id="secondary-title"
        label="Title"
        maxHeight={12}
        multiline={false}
        name="secondaryTitle"
        onUpdate={[Function]}
        placeholder=""
        size="large"
        testSelector="txt-intro-secondary-title"
        value="secondary title"
      />
      <RichTextEditor
        autoFocus={false}
        controls={
          Object {
            "bold": true,
            "emphasis": true,
            "link": true,
            "list": true,
            "piping": true,
          }
        }
        disabled={false}
        id="secondary-description"
        label="Description"
        maxHeight={12}
        multiline={true}
        name="secondaryDescription"
        onUpdate={[Function]}
        placeholder=""
        testSelector="txt-intro-secondary-description"
        value="secondary description"
      />
      <IntroductionEditor__SectionTitle
        style={
          Object {
            "marginBottom": "0",
          }
        }
      >
        Collapsibles
      </IntroductionEditor__SectionTitle>
      <IntroductionEditor__SectionDescription>
        Information which is displayed in a collapsible “twistie”.
      </IntroductionEditor__SectionDescription>
      <Apollo(Apollo(CollapsiblesEditor))
        collapsibles={Array []}
        introductionId="1"
      />
    </IntroductionEditor__Padding>
  </IntroductionEditor__Section>
  <IntroductionEditor__Section>
    <IntroductionEditor__Padding>
      <IntroductionEditor__SectionTitle>
        Tertiary content
      </IntroductionEditor__SectionTitle>
      <RichTextEditor
        autoFocus={false}
        controls={
          Object {
            "emphasis": true,
            "piping": true,
          }
        }
        disabled={false}
        id="tertiary-title"
        label="Title"
        maxHeight={12}
        multiline={false}
        name="tertiaryTitle"
        onUpdate={[Function]}
        placeholder=""
        size="large"
        testSelector="txt-intro-tertiary-title"
        value="tertiary title"
      />
      <RichTextEditor
        autoFocus={false}
        controls={
          Object {
            "bold": true,
            "emphasis": true,
            "link": true,
            "list": true,
            "piping": true,
          }
        }
        disabled={false}
        id="tertiary-description"
        label="Description"
        maxHeight={12}
        multiline={true}
        name="tertiaryDescription"
        onUpdate={[Function]}
        placeholder=""
        testSelector="txt-intro-tertiary-description"
        value="tertiary description"
      />
    </IntroductionEditor__Padding>
  </IntroductionEditor__Section>
</Fragment>
`;
