// Jest Snapshot v1, https://goo.gl/fbAQLP

exports[`components/QuestionPageEditor/AnswerTransition should render 1`] = `
<AnswerTransition__AnswerTransitionWrapper
  timeout={200}
>
  <div>
    <div>
      Content
    </div>
  </div>
</AnswerTransition__AnswerTransitionWrapper>
`;
