// Jest Snapshot v1, https://goo.gl/fbAQLP

exports[`components/RoutingCondition should render consistently 1`] = `
<div
  data-test="routing-condition"
>
  <Grid
    align="center"
    fillHeight={true}
  >
    <Column
      cols={1}
      gutters={false}
    >
      <RoutingCondition__Label
        htmlFor="RoutingCondition1"
      >
        IF
      </RoutingCondition__Label>
    </Column>
    <Column
      cols={10}
      gutters={false}
    >
      <_default
        id="RoutingCondition1"
        onSubmit={[Function]}
        pageId="3"
        path="questionPage.availableRoutingQuestions"
        selectedContentDisplayName="foobar"
      />
    </Column>
    <Column
      cols={1}
      gutters={false}
    >
      <RoutingCondition__RemoveButton
        data-test="btn-remove"
        disabled={false}
        onClick={[Function]}
      >
        <IconText
          hideText={true}
          icon={[Function]}
        >
          Remove
        </IconText>
      </RoutingCondition__RemoveButton>
    </Column>
  </Grid>
  <Grid
    align="top"
    fillHeight={true}
  >
    <Column
      cols={1}
      gutters={false}
    >
      <RoutingCondition__ConnectedPath
        pathEnd={false}
      />
    </Column>
    <Column
      cols={10}
      gutters={false}
    >
      <TransitionGroup
        childFactory={[Function]}
        component="div"
      >
        <Transition__RoutingComponentTransition
          exit={false}
          key="answer"
          timeout={200}
        >
          <MultipleChoiceAnswerOptionsSelector
            condition={
              Object {
                "answer": Object {
                  "id": "3",
                  "type": "Radio",
                },
                "comparator": "Equal",
                "id": "1",
                "questionPage": Object {
                  "displayName": "foobar",
                  "id": "2",
                },
              }
            }
            onOptionSelectionChange={[MockFunction]}
          />
        </Transition__RoutingComponentTransition>
      </TransitionGroup>
    </Column>
    <Column
      cols={1}
    />
  </Grid>
</div>
`;
