// Jest Snapshot v1, https://goo.gl/fbAQLP

exports[`MultipleChoiceAnswerOptionsSelector should render consistently 1`] = `
<Fragment>
  <MultipleChoiceAnswerOptionsSelector__MultipleChoiceAnswerOptions
    data-test="options-selector"
  >
    <MultipleChoiceAnswerOptionsSelector__Label>
      Match
    </MultipleChoiceAnswerOptionsSelector__Label>
    <MultipleChoiceAnswerOptionsSelector__ConditionSelect
      data-test="condition-dropdown"
      onChange={[Function]}
    >
      <option
        value="OneOf"
      >
        One of
      </option>
      <option
        value="Unanswered"
      >
        Unanswered
      </option>
    </MultipleChoiceAnswerOptionsSelector__ConditionSelect>
    <withChangeHandler(ToggleChip)
      checked={false}
      key="1"
      name="1"
      onChange={[Function]}
      title="a"
    >
      a
    </withChangeHandler(ToggleChip)>
    <withChangeHandler(ToggleChip)
      checked={false}
      key="2"
      name="2"
      onChange={[Function]}
      title="b"
    >
      b
    </withChangeHandler(ToggleChip)>
    <withChangeHandler(ToggleChip)
      checked={false}
      key="3"
      name="3"
      onChange={[Function]}
      title="c"
    >
      c
    </withChangeHandler(ToggleChip)>
  </MultipleChoiceAnswerOptionsSelector__MultipleChoiceAnswerOptions>
</Fragment>
`;
