// Jest Snapshot v1, https://goo.gl/fbAQLP

exports[`components/Forms/TextArea should render correctly 1`] = `
<DocumentFragment>
  .c0 {
  font-size: 1em;
  border: thin solid #999999;
  padding: 0.5em;
  color: #222222;
  display: block;
  width: 100%;
  -webkit-transition: outline-color 100ms ease-in,border-color 100ms ease-in;
  transition: outline-color 100ms ease-in,border-color 100ms ease-in;
  outline: thin solid transparent;
  resize: none;
}

.c0:hover {
  border-color: #3B7A9E;
  box-shadow: 0 0 0 1pt #3B7A9E;
}

.c0:focus,
.c0:focus-within {
  border-color: transparent;
  outline: 3px solid #FDBD56;
  box-shadow: 0 0 0 3px #FDBD56;
}

.c0::-webkit-input-placeholder {
  color: #a3a3a3;
}

.c0::-moz-placeholder {
  color: #a3a3a3;
}

.c0:-ms-input-placeholder {
  color: #a3a3a3;
}

.c0::placeholder {
  color: #a3a3a3;
}

.c0:focus {
  outline: none;
  border-style: solid;
  border-color: #3B7A9E;
}

.c0[disabled] {
  opacity: 0.8;
  pointer-events: none;
}

<textarea
    class="c0"
    id="text"
    name="text"
    rows="10"
  >
    I am some text
  </textarea>
</DocumentFragment>
`;
